[      83ms] [INFO] %cDownload the React DevTools for a better development experience: https://react.dev/link/react-devtools font-weight:bold @ http://localhost:3100/_next/static/chunks/01vs_next_dist_0z7rf41._.js:2477
[      92ms] [LOG] [HMR] connected @ http://localhost:3100/_next/static/chunks/01vs_next_dist_0z7rf41._.js:2477
[     477ms] [WARNING] THREE.Clock: This module has been deprecated. Please use THREE.Timer instead. @ http://localhost:3100/_next/static/chunks/01vs_next_dist_0z7rf41._.js:2477
[     543ms] [LOG] system_core {modules: 26, materials: 25, labels: 0, geometries: 140, textures: 1} @ http://localhost:3100/_next/static/chunks/01vs_next_dist_0z7rf41._.js:2477
[     577ms] [LOG] system_core {modules: 26, materials: 25, labels: 26, geometries: 166, textures: 27} @ http://localhost:3100/_next/static/chunks/01vs_next_dist_0z7rf41._.js:2477
[   36708ms] [INFO] %cDownload the React DevTools for a better development experience: https://react.dev/link/react-devtools font-weight:bold @ http://localhost:3100/_next/static/chunks/01vs_next_dist_0z7rf41._.js:2477
[   36716ms] [LOG] [HMR] connected @ http://localhost:3100/_next/static/chunks/01vs_next_dist_0z7rf41._.js:2477
[   37096ms] [WARNING] THREE.Clock: This module has been deprecated. Please use THREE.Timer instead. @ http://localhost:3100/_next/static/chunks/01vs_next_dist_0z7rf41._.js:2477
[   37109ms] [WARNING] The AudioContext was not allowed to start. It must be resumed (or created) after a user gesture on the page. https://developer.chrome.com/blog/autoplay/#web_audio @ http://localhost:3100/_next/static/chunks/components_system-core_0no-_y3._.js:2510
[   37109ms] [WARNING] The AudioContext was not allowed to start. It must be resumed (or created) after a user gesture on the page. https://developer.chrome.com/blog/autoplay/#web_audio @ http://localhost:3100/_next/static/chunks/components_system-core_0no-_y3._.js:2510
[   37113ms] [WARNING] The AudioContext was not allowed to start. It must be resumed (or created) after a user gesture on the page. https://developer.chrome.com/blog/autoplay/#web_audio @ http://localhost:3100/_next/static/chunks/components_system-core_0no-_y3._.js:2404
[   37113ms] [WARNING] The AudioContext was not allowed to start. It must be resumed (or created) after a user gesture on the page. https://developer.chrome.com/blog/autoplay/#web_audio @ http://localhost:3100/_next/static/chunks/components_system-core_0no-_y3._.js:2404
[   37113ms] [WARNING] The AudioContext was not allowed to start. It must be resumed (or created) after a user gesture on the page. https://developer.chrome.com/blog/autoplay/#web_audio @ http://localhost:3100/_next/static/chunks/components_system-core_0no-_y3._.js:2404
[   37113ms] [WARNING] The AudioContext was not allowed to start. It must be resumed (or created) after a user gesture on the page. https://developer.chrome.com/blog/autoplay/#web_audio @ http://localhost:3100/_next/static/chunks/components_system-core_0no-_y3._.js:2404
[   37114ms] [WARNING] The AudioContext was not allowed to start. It must be resumed (or created) after a user gesture on the page. https://developer.chrome.com/blog/autoplay/#web_audio @ http://localhost:3100/_next/static/chunks/components_system-core_0no-_y3._.js:2404
[   37114ms] [WARNING] The AudioContext was not allowed to start. It must be resumed (or created) after a user gesture on the page. https://developer.chrome.com/blog/autoplay/#web_audio @ http://localhost:3100/_next/static/chunks/components_system-core_0no-_y3._.js:2404
[   37114ms] [WARNING] The AudioContext was not allowed to start. It must be resumed (or created) after a user gesture on the page. https://developer.chrome.com/blog/autoplay/#web_audio @ http://localhost:3100/_next/static/chunks/components_system-core_0no-_y3._.js:2404
[   37114ms] [WARNING] The AudioContext was not allowed to start. It must be resumed (or created) after a user gesture on the page. https://developer.chrome.com/blog/autoplay/#web_audio @ http://localhost:3100/_next/static/chunks/components_system-core_0no-_y3._.js:2404
[   37158ms] [LOG] system_core {modules: 26, materials: 25, labels: 0, geometries: 140, textures: 1} @ http://localhost:3100/_next/static/chunks/01vs_next_dist_0z7rf41._.js:2477
[   37188ms] [LOG] system_core {modules: 26, materials: 25, labels: 26, geometries: 166, textures: 27} @ http://localhost:3100/_next/static/chunks/01vs_next_dist_0z7rf41._.js:2477
[   39741ms] [WARNING] The AudioContext was not allowed to start. It must be resumed (or created) after a user gesture on the page. https://developer.chrome.com/blog/autoplay/#web_audio @ http://localhost:3100/_next/static/chunks/components_system-core_0no-_y3._.js:2510
[   39741ms] [WARNING] The AudioContext was not allowed to start. It must be resumed (or created) after a user gesture on the page. https://developer.chrome.com/blog/autoplay/#web_audio @ http://localhost:3100/_next/static/chunks/components_system-core_0no-_y3._.js:2510
[   39742ms] [WARNING] The AudioContext was not allowed to start. It must be resumed (or created) after a user gesture on the page. https://developer.chrome.com/blog/autoplay/#web_audio @ http://localhost:3100/_next/static/chunks/components_system-core_0no-_y3._.js:2510
[   39742ms] [WARNING] The AudioContext was not allowed to start. It must be resumed (or created) after a user gesture on the page. https://developer.chrome.com/blog/autoplay/#web_audio @ http://localhost:3100/_next/static/chunks/components_system-core_0no-_y3._.js:2510
[   42928ms] InvalidAccessError: Failed to execute 'disconnect' on 'AudioNode': the given destination is not connected.
    at PositionalAudio.disconnect (http://localhost:3100/_next/static/chunks/0a2m_three_build_three_core_0oxy76j.js:36757:25)
    at PositionalAudio.disconnect (http://localhost:3100/_next/static/chunks/0a2m_three_build_three_core_0oxy76j.js:36999:15)
    at http://localhost:3100/_next/static/chunks/components_system-core_0no-_y3._.js:2334:19
[   42930ms] InvalidAccessError: Failed to execute 'disconnect' on 'AudioNode': the given destination is not connected.
    at PositionalAudio.disconnect (http://localhost:3100/_next/static/chunks/0a2m_three_build_three_core_0oxy76j.js:36757:25)
    at PositionalAudio.disconnect (http://localhost:3100/_next/static/chunks/0a2m_three_build_three_core_0oxy76j.js:36999:15)
    at http://localhost:3100/_next/static/chunks/components_system-core_0no-_y3._.js:2334:19
[   75864ms] [INFO] %cDownload the React DevTools for a better development experience: https://react.dev/link/react-devtools font-weight:bold @ http://localhost:3100/_next/static/chunks/01vs_next_dist_0z7rf41._.js:2477
[   75930ms] [LOG] [HMR] connected @ http://localhost:3100/_next/static/chunks/01vs_next_dist_0z7rf41._.js:2477
[   76038ms] [LOG] [Fast Refresh] rebuilding @ http://localhost:3100/_next/static/chunks/01vs_next_dist_0z7rf41._.js:2477
[   76172ms] [LOG] [Fast Refresh] done in 234ms @ http://localhost:3100/_next/static/chunks/01vs_next_dist_0z7rf41._.js:2477
[   76351ms] [WARNING] THREE.Clock: This module has been deprecated. Please use THREE.Timer instead. @ http://localhost:3100/_next/static/chunks/01vs_next_dist_0z7rf41._.js:2477
[   76434ms] [LOG] system_core {modules: 26, materials: 25, labels: 0, geometries: 140, textures: 1} @ http://localhost:3100/_next/static/chunks/01vs_next_dist_0z7rf41._.js:2477
[   76484ms] [LOG] system_core {modules: 26, materials: 25, labels: 26, geometries: 166, textures: 27} @ http://localhost:3100/_next/static/chunks/01vs_next_dist_0z7rf41._.js:2477
[  270710ms] [INFO] %cDownload the React DevTools for a better development experience: https://react.dev/link/react-devtools font-weight:bold @ http://localhost:3100/_next/static/chunks/01vs_next_dist_0z7rf41._.js:2477
[  270723ms] [LOG] [HMR] connected @ http://localhost:3100/_next/static/chunks/01vs_next_dist_0z7rf41._.js:2477
[  271066ms] [INFO] %cDownload the React DevTools for a better development experience: https://react.dev/link/react-devtools font-weight:bold @ http://localhost:3100/_next/static/chunks/01vs_next_dist_0z7rf41._.js:2477
[  271076ms] [LOG] [HMR] connected @ http://localhost:3100/_next/static/chunks/01vs_next_dist_0z7rf41._.js:2477
[  271465ms] [WARNING] THREE.Clock: This module has been deprecated. Please use THREE.Timer instead. @ http://localhost:3100/_next/static/chunks/01vs_next_dist_0z7rf41._.js:2477
[  271491ms] [WARNING] The AudioContext was not allowed to start. It must be resumed (or created) after a user gesture on the page. https://developer.chrome.com/blog/autoplay/#web_audio @ http://localhost:3100/_next/static/chunks/components_system-core_0no-_y3._.js:2510
[  271491ms] [WARNING] The AudioContext was not allowed to start. It must be resumed (or created) after a user gesture on the page. https://developer.chrome.com/blog/autoplay/#web_audio @ http://localhost:3100/_next/static/chunks/components_system-core_0no-_y3._.js:2510
[  271498ms] [WARNING] The AudioContext was not allowed to start. It must be resumed (or created) after a user gesture on the page. https://developer.chrome.com/blog/autoplay/#web_audio @ http://localhost:3100/_next/static/chunks/components_system-core_0no-_y3._.js:2404
[  271498ms] [WARNING] The AudioContext was not allowed to start. It must be resumed (or created) after a user gesture on the page. https://developer.chrome.com/blog/autoplay/#web_audio @ http://localhost:3100/_next/static/chunks/components_system-core_0no-_y3._.js:2404
[  271498ms] [WARNING] The AudioContext was not allowed to start. It must be resumed (or created) after a user gesture on the page. https://developer.chrome.com/blog/autoplay/#web_audio @ http://localhost:3100/_next/static/chunks/components_system-core_0no-_y3._.js:2404
[  271498ms] [WARNING] The AudioContext was not allowed to start. It must be resumed (or created) after a user gesture on the page. https://developer.chrome.com/blog/autoplay/#web_audio @ http://localhost:3100/_next/static/chunks/components_system-core_0no-_y3._.js:2404
[  271498ms] [WARNING] The AudioContext was not allowed to start. It must be resumed (or created) after a user gesture on the page. https://developer.chrome.com/blog/autoplay/#web_audio @ http://localhost:3100/_next/static/chunks/components_system-core_0no-_y3._.js:2404
[  271499ms] [WARNING] The AudioContext was not allowed to start. It must be resumed (or created) after a user gesture on the page. https://developer.chrome.com/blog/autoplay/#web_audio @ http://localhost:3100/_next/static/chunks/components_system-core_0no-_y3._.js:2404
[  271499ms] [WARNING] The AudioContext was not allowed to start. It must be resumed (or created) after a user gesture on the page. https://developer.chrome.com/blog/autoplay/#web_audio @ http://localhost:3100/_next/static/chunks/components_system-core_0no-_y3._.js:2404
[  271499ms] [WARNING] The AudioContext was not allowed to start. It must be resumed (or created) after a user gesture on the page. https://developer.chrome.com/blog/autoplay/#web_audio @ http://localhost:3100/_next/static/chunks/components_system-core_0no-_y3._.js:2404
[  271556ms] [LOG] system_core {modules: 26, materials: 25, labels: 0, geometries: 140, textures: 1} @ http://localhost:3100/_next/static/chunks/01vs_next_dist_0z7rf41._.js:2477
[  271594ms] [LOG] system_core {modules: 26, materials: 25, labels: 26, geometries: 166, textures: 27} @ http://localhost:3100/_next/static/chunks/01vs_next_dist_0z7rf41._.js:2477
[  273516ms] [WARNING] The AudioContext was not allowed to start. It must be resumed (or created) after a user gesture on the page. https://developer.chrome.com/blog/autoplay/#web_audio @ http://localhost:3100/_next/static/chunks/components_system-core_0no-_y3._.js:2510
[  273516ms] [WARNING] The AudioContext was not allowed to start. It must be resumed (or created) after a user gesture on the page. https://developer.chrome.com/blog/autoplay/#web_audio @ http://localhost:3100/_next/static/chunks/components_system-core_0no-_y3._.js:2510
[  273518ms] [WARNING] The AudioContext was not allowed to start. It must be resumed (or created) after a user gesture on the page. https://developer.chrome.com/blog/autoplay/#web_audio @ http://localhost:3100/_next/static/chunks/components_system-core_0no-_y3._.js:2510
[  273518ms] [WARNING] The AudioContext was not allowed to start. It must be resumed (or created) after a user gesture on the page. https://developer.chrome.com/blog/autoplay/#web_audio @ http://localhost:3100/_next/static/chunks/components_system-core_0no-_y3._.js:2510
